[----------]
[ RUN      ] FailingTest.PassingTest1
[       OK ] FailingTest.PassingTest1 (1 ms)
[ RUN      ] FailingTest.FailingTest1
failing_test.js:27
Expected: evaluates to false
Actual:   'a'

[  FAILED  ] FailingTest.FailingTest1 (1 ms)
[ RUN      ] FailingTest.FailingTest2
failing_test.js:31
Expected: evaluates to false
Actual:   2

failing_test.js:32
Expected: is an array or Arguments object of length 3 with elements matching: [ 1, 2, 3 ]
Actual:   [ 1, 2 ], which has length 2

[  FAILED  ] FailingTest.FailingTest2 (1 ms)
[ RUN      ] FailingTest.StringMatchers
failing_test.js:36
Expected: partially matches regex: /enchilada/
Actual:   'burritos and tacos'

failing_test.js:37
Expected: is a string containing the substring 'enchilada'
Actual:   'burritos and tacos'

failing_test.js:38
Expected: is not a string containing the substring 'taco'
Actual:   'tacos'

[  FAILED  ] FailingTest.StringMatchers (1 ms)
[ RUN      ] FailingTest.FailureWithLogOutput
failing_test.js:42
Expected: evaluates to false
Actual:   2

foo bar
failing_test.js:44
Expected: evaluates to false
Actual:   3

[  FAILED  ] FailingTest.FailureWithLogOutput (1 ms)
[ RUN      ] FailingTest.MissingArrayElementWithRecursivelyEquals
failing_test.js:54
Expected: recursively equals [ 0, undefined, 2 ]
Actual:   [ 0, , 2 ], which differs in key 1

[  FAILED  ] FailingTest.MissingArrayElementWithRecursivelyEquals (1 ms)
[ RUN      ] FailingTest.PassingTest2
[       OK ] FailingTest.PassingTest2 (1 ms)
[ RUN      ] FailingTest.NumberExpectations
failing_test.js:62
Expected: is less than 0
Actual:   1

failing_test.js:63
Expected: is less than 1
Actual:   1

failing_test.js:65
Expected: is less than or equal to -1
Actual:   1

failing_test.js:66
Expected: is less than or equal to 0
Actual:   1

failing_test.js:68
Expected: is greater than 7
Actual:   7

failing_test.js:69
Expected: is greater than 9
Actual:   7

failing_test.js:71
Expected: is greater than or equal to 8
Actual:   7

failing_test.js:72
Expected: is greater than or equal to 9
Actual:   7

[  FAILED  ] FailingTest.NumberExpectations (1 ms)
[ RUN      ] FailingTest.UserErrors
failing_test.js:76
Expected: is a string containing the substring 'burrito'
Actual:   'taco'
foo

failing_test.js:77
Expected: ''
Actual:   'a'
foo

failing_test.js:78
Expected: does not equal: 'a'
Actual:   'a'
foo

failing_test.js:79
Expected: false
Actual:   true
foo

failing_test.js:80
Expected: true
Actual:   false
foo

failing_test.js:81
Expected: is greater than or equal to 1
Actual:   0
foo

failing_test.js:82
Expected: is greater than 0
Actual:   0
foo

failing_test.js:83
Expected: is less than or equal to 2
Actual:   3
foo

failing_test.js:84
Expected: is less than 2
Actual:   2
foo

[  FAILED  ] FailingTest.UserErrors (1 ms)
[----------]

[  FAILED  ]
