syntax_error.js: SyntaxError: Unexpected end of input